2024-09-06 18:26:58 - pyanno4rt - Head-and-neck-neural-network - INFO - Initializing logger ...
2024-09-06 18:26:58 - pyanno4rt - Head-and-neck-neural-network - INFO - You are running Python version 3.10.14 ...
2024-09-06 18:26:58 - pyanno4rt - Head-and-neck-neural-network - INFO - Initializing datahub ...
2024-09-06 18:26:58 - pyanno4rt - Head-and-neck-neural-network - INFO - Initializing patient loader ...
2024-09-06 18:26:58 - pyanno4rt - Head-and-neck-neural-network - INFO - Initializing plan generator ...
2024-09-06 18:26:58 - pyanno4rt - Head-and-neck-neural-network - INFO - Initializing dose information generator ...
2024-09-06 18:26:58 - pyanno4rt - Head-and-neck-neural-network - INFO - Importing CT and segmentation data from MATLAB file ...
2024-09-06 18:26:58 - pyanno4rt - Head-and-neck-neural-network - INFO - Generating plan configuration for photon treatment ...
2024-09-06 18:26:58 - pyanno4rt - Head-and-neck-neural-network - INFO - Generating dose information for photon treatment ...
2024-09-06 18:26:58 - pyanno4rt - Head-and-neck-neural-network - INFO - Adding dose-influence matrix from MATLAB file ...
2024-09-06 18:27:00 - pyanno4rt - Head-and-neck-neural-network - INFO - Initializing fluence optimizer ...
2024-09-06 18:27:00 - pyanno4rt - Head-and-neck-neural-network - INFO - Setting the optimization components ...
2024-09-06 18:27:00 - pyanno4rt - Head-and-neck-neural-network - INFO - Setting objective 'Squared Overdosing' for ['PAROTID_LT'] ...
2024-09-06 18:27:00 - pyanno4rt - Head-and-neck-neural-network - INFO - Setting objective 'Neural Network NTCP' for ['PAROTID_LT', 'PAROTID_RT'] ...
2024-09-06 18:27:00 - pyanno4rt - Head-and-neck-neural-network - INFO - Setting objective 'Squared Overdosing' for ['PAROTID_RT'] ...
2024-09-06 18:27:00 - pyanno4rt - Head-and-neck-neural-network - INFO - Setting objective 'Squared Deviation' for ['PTV63'] ...
2024-09-06 18:27:00 - pyanno4rt - Head-and-neck-neural-network - INFO - Setting objective 'Neural Network TCP' for ['PTV63'] ...
2024-09-06 18:27:00 - pyanno4rt - Head-and-neck-neural-network - INFO - Setting objective 'Squared Deviation' for ['PTV70'] ...
2024-09-06 18:27:00 - pyanno4rt - Head-and-neck-neural-network - INFO - Setting objective 'Squared Overdosing' for ['SKIN'] ...
2024-09-06 18:27:00 - pyanno4rt - Head-and-neck-neural-network - INFO - Adding input-convex neural network model for 'Neural Network NTCP' ...
2024-09-06 18:27:00 - pyanno4rt - Head-and-neck-neural-network - INFO - Initializing data generator for 'neuralNetworkNTCP' model from tabular base dataset ...
2024-09-06 18:27:00 - pyanno4rt - Head-and-neck-neural-network - INFO - Initializing feature map generator ...
2024-09-06 18:27:00 - pyanno4rt - Head-and-neck-neural-network - INFO - Initializing feature calculator ...
2024-09-06 18:27:00 - pyanno4rt - Head-and-neck-neural-network - INFO - Decomposing tabular base dataset into features, label and time variable ...
2024-09-06 18:27:00 - pyanno4rt - Head-and-neck-neural-network - INFO - Modulating data information by feature 'patientDaysafterrt' for label viewpoint 'long-term' ...
2024-09-06 18:27:00 - pyanno4rt - Head-and-neck-neural-network - INFO - Binarizing data information by label bounds [1.5, inf] ...
2024-09-06 18:27:00 - pyanno4rt - Head-and-neck-neural-network - INFO - Adding fold numbers for stratified cross validation ...
2024-09-06 18:27:00 - pyanno4rt - Head-and-neck-neural-network - INFO - Performing fuzzy string matching for segments and feature definitions ...
2024-09-06 18:27:00 - pyanno4rt - Head-and-neck-neural-network - INFO - Adding feature map to the feature calculator ...
2024-09-06 18:27:00 - pyanno4rt - Head-and-neck-neural-network - INFO - Initializing model inspector ...
2024-09-06 18:27:00 - pyanno4rt - Head-and-neck-neural-network - INFO - Initializing model evaluator ...
2024-09-06 18:27:00 - pyanno4rt - Head-and-neck-neural-network - INFO - Adding standard neural network model for 'Neural Network TCP' ...
2024-09-06 18:27:00 - pyanno4rt - Head-and-neck-neural-network - INFO - Initializing data generator for 'neuralNetworkTCP' model from tabular base dataset ...
2024-09-06 18:27:00 - pyanno4rt - Head-and-neck-neural-network - INFO - Initializing feature map generator ...
2024-09-06 18:27:00 - pyanno4rt - Head-and-neck-neural-network - INFO - Initializing feature calculator ...
2024-09-06 18:27:00 - pyanno4rt - Head-and-neck-neural-network - INFO - Decomposing tabular base dataset into features, label and time variable ...
2024-09-06 18:27:00 - pyanno4rt - Head-and-neck-neural-network - INFO - Binarizing data information by label bounds [1, 1] ...
2024-09-06 18:27:00 - pyanno4rt - Head-and-neck-neural-network - INFO - Adding fold numbers for stratified cross validation ...
2024-09-06 18:27:00 - pyanno4rt - Head-and-neck-neural-network - INFO - Performing fuzzy string matching for segments and feature definitions ...
2024-09-06 18:27:00 - pyanno4rt - Head-and-neck-neural-network - INFO - Adding feature map to the feature calculator ...
2024-09-06 18:27:00 - pyanno4rt - Head-and-neck-neural-network - INFO - Initializing model inspector ...
2024-09-06 18:27:00 - pyanno4rt - Head-and-neck-neural-network - INFO - Initializing model evaluator ...
2024-09-06 18:27:00 - pyanno4rt - Head-and-neck-neural-network - INFO - Removing segment overlaps ...
2024-09-06 18:27:00 - pyanno4rt - Head-and-neck-neural-network - INFO - Resizing segments from CT to dose grid ...
2024-09-06 18:27:00 - pyanno4rt - Head-and-neck-neural-network - INFO - Adjusting dose parameters for fractionation ...
2024-09-06 18:27:00 - pyanno4rt - Head-and-neck-neural-network - INFO - Initializing dose projection ...
2024-09-06 18:27:00 - pyanno4rt - Head-and-neck-neural-network - INFO - Initializing weighted-sum optimization method ...
2024-09-06 18:27:00 - pyanno4rt - Head-and-neck-neural-network - INFO - Initializing fluence initializer ...
2024-09-06 18:27:00 - pyanno4rt - Head-and-neck-neural-network - INFO - Initializing fluence vector with respect to target coverage ...
2024-09-06 18:27:00 - pyanno4rt - Head-and-neck-neural-network - INFO - Initializing PyPop7 solver with LMMAES algorithm ...
2024-09-06 18:27:00 - pyanno4rt - Head-and-neck-neural-network - INFO - Solving optimization problem ...
2024-09-07 02:14:46 - pyanno4rt - Head-and-neck-neural-network - INFO - Computing 3D dose cube from optimized fluence vector ...
2024-09-07 02:14:46 - pyanno4rt - Head-and-neck-neural-network - INFO - Neural Network NTCP for the optimized plan: 9.39 % ...
2024-09-07 02:14:46 - pyanno4rt - Head-and-neck-neural-network - INFO - Neural Network TCP for the optimized plan: 59.11 % ...
2024-09-07 02:14:46 - pyanno4rt - Head-and-neck-neural-network - INFO - Fluence optimizer took 28066.21 seconds (28065.54 seconds for problem solving) ...
2024-09-07 02:14:46 - pyanno4rt - Head-and-neck-neural-network - INFO - Initializing DVH evaluator ...
2024-09-07 02:14:46 - pyanno4rt - Head-and-neck-neural-network - INFO - Initializing dosimetrics evaluator ...
2024-09-07 02:14:46 - pyanno4rt - Head-and-neck-neural-network - INFO - Evaluating cumulative DVH with 1000 points for all segments ...
2024-09-07 02:14:46 - pyanno4rt - Head-and-neck-neural-network - INFO - Evaluating dosimetrics for all segments ...
2024-09-07 02:14:46 - pyanno4rt - Head-and-neck-neural-network - INFO - Initializing visualizer ...
2024-09-07 02:14:46 - pyanno4rt - Head-and-neck-neural-network - INFO - Launching visualizer ...
2024-09-07 02:14:55 - pyanno4rt - Head-and-neck-neural-network - INFO - Opening iterative (N)TCP value plot ...
2024-09-07 02:15:13 - pyanno4rt - Head-and-neck-neural-network - INFO - Opening CT/dose slice plot ...
2024-09-07 02:15:18 - pyanno4rt - Head-and-neck-neural-network - INFO - Closing visualizer ...

