2024-09-10 16:45:25 - pyanno4rt - NN-Basis - INFO - Initializing logger ...
2024-09-10 16:45:25 - pyanno4rt - NN-Basis - INFO - You are running Python version 3.10.14 ...
2024-09-10 16:45:25 - pyanno4rt - NN-Basis - INFO - Initializing datahub ...
2024-09-10 16:45:26 - pyanno4rt - NN-Basis - INFO - Initializing patient loader ...
2024-09-10 16:45:26 - pyanno4rt - NN-Basis - INFO - Initializing plan generator ...
2024-09-10 16:45:26 - pyanno4rt - NN-Basis - INFO - Initializing dose information generator ...
2024-09-10 16:45:26 - pyanno4rt - NN-Basis - INFO - Importing CT and segmentation data from MATLAB file ...
2024-09-10 16:45:26 - pyanno4rt - NN-Basis - INFO - Generating plan configuration for photon treatment ...
2024-09-10 16:45:26 - pyanno4rt - NN-Basis - INFO - Generating dose information for photon treatment ...
2024-09-10 16:45:26 - pyanno4rt - NN-Basis - INFO - Adding dose-influence matrix from MATLAB file ...
2024-09-10 16:45:29 - pyanno4rt - NN-Basis - INFO - Initializing fluence optimizer ...
2024-09-10 16:45:29 - pyanno4rt - NN-Basis - INFO - Setting the optimization components ...
2024-09-10 16:45:29 - pyanno4rt - NN-Basis - INFO - Setting objective 'Squared Overdosing' for ['PAROTID_LT'] ...
2024-09-10 16:45:29 - pyanno4rt - NN-Basis - INFO - Setting objective 'Neural Network NTCP' for ['PAROTID_LT', 'PAROTID_RT'] ...
2024-09-10 16:45:29 - pyanno4rt - NN-Basis - INFO - Setting objective 'Squared Overdosing' for ['PAROTID_RT'] ...
2024-09-10 16:45:29 - pyanno4rt - NN-Basis - INFO - Setting objective 'Squared Deviation' for ['PTV70'] ...
2024-09-10 16:45:29 - pyanno4rt - NN-Basis - INFO - Setting objective 'Squared Overdosing' for ['SKIN'] ...
2024-09-10 16:45:29 - pyanno4rt - NN-Basis - INFO - Setting objective 'Squared Deviation' for ['PTV63'] ...
2024-09-10 16:45:29 - pyanno4rt - NN-Basis - INFO - Setting objective 'Neural Network TCP' for ['PTV63'] ...
2024-09-10 16:45:29 - pyanno4rt - NN-Basis - INFO - Adding input-convex neural network model for 'Neural Network NTCP' ...
2024-09-10 16:45:29 - pyanno4rt - NN-Basis - INFO - Initializing data generator for 'neuralNetworkNTCP' model from empty base dataset ...
2024-09-10 16:45:29 - pyanno4rt - NN-Basis - INFO - Initializing feature map generator ...
2024-09-10 16:45:29 - pyanno4rt - NN-Basis - INFO - Initializing feature calculator ...
2024-09-10 16:45:29 - pyanno4rt - NN-Basis - INFO - Performing fuzzy string matching for segments and feature definitions ...
2024-09-10 16:45:29 - pyanno4rt - NN-Basis - INFO - Adding feature map to the feature calculator ...
2024-09-10 16:45:29 - pyanno4rt - NN-Basis - INFO - Reading "neuralNetworkNTCP" preprocessor from file ...
2024-09-10 16:45:29 - pyanno4rt - NN-Basis - INFO - Reading 'neuralNetworkNTCP' model from file ...
2024-09-10 16:45:29 - pyanno4rt - NN-Basis - INFO - Reading "neuralNetworkNTCP" configuration from file ...
2024-09-10 16:45:29 - pyanno4rt - NN-Basis - INFO - Reading "neuralNetworkNTCP" hyperparameters from file ...
2024-09-10 16:45:29 - pyanno4rt - NN-Basis - INFO - Adding input-convex neural network model for 'Neural Network TCP' ...
2024-09-10 16:45:29 - pyanno4rt - NN-Basis - INFO - Initializing data generator for 'neuralNetworkTCP' model from empty base dataset ...
2024-09-10 16:45:29 - pyanno4rt - NN-Basis - INFO - Initializing feature map generator ...
2024-09-10 16:45:29 - pyanno4rt - NN-Basis - INFO - Initializing feature calculator ...
2024-09-10 16:45:29 - pyanno4rt - NN-Basis - INFO - Performing fuzzy string matching for segments and feature definitions ...
2024-09-10 16:45:29 - pyanno4rt - NN-Basis - INFO - Adding feature map to the feature calculator ...
2024-09-10 16:45:29 - pyanno4rt - NN-Basis - INFO - Reading "neuralNetworkTCP" preprocessor from file ...
2024-09-10 16:45:29 - pyanno4rt - NN-Basis - INFO - Reading 'neuralNetworkTCP' model from file ...
2024-09-10 16:45:29 - pyanno4rt - NN-Basis - INFO - Reading "neuralNetworkTCP" configuration from file ...
2024-09-10 16:45:29 - pyanno4rt - NN-Basis - INFO - Reading "neuralNetworkTCP" hyperparameters from file ...
2024-09-10 16:45:29 - pyanno4rt - NN-Basis - INFO - Removing segment overlaps ...
2024-09-10 16:45:29 - pyanno4rt - NN-Basis - INFO - Resizing segments from CT to dose grid ...
2024-09-10 16:45:29 - pyanno4rt - NN-Basis - INFO - Adjusting dose parameters for fractionation ...
2024-09-10 16:45:29 - pyanno4rt - NN-Basis - INFO - Initializing dose projection ...
2024-09-10 16:45:29 - pyanno4rt - NN-Basis - INFO - Initializing weighted-sum optimization method ...
2024-09-10 16:45:29 - pyanno4rt - NN-Basis - INFO - Initializing fluence initializer ...
2024-09-10 16:45:29 - pyanno4rt - NN-Basis - INFO - Initializing fluence vector with respect to target coverage ...
2024-09-10 16:45:29 - pyanno4rt - NN-Basis - INFO - Initializing SciPy solver with L-BFGS-B algorithm ...
2024-09-10 16:45:29 - pyanno4rt - NN-Basis - INFO - Solving optimization problem ...
2024-09-10 16:45:30 - pyanno4rt - NN-Basis - INFO - At iterate 0: f=628.3562
2024-09-10 16:45:30 - pyanno4rt - NN-Basis - INFO - At iterate 1: f=550.508
2024-09-10 16:45:31 - pyanno4rt - NN-Basis - INFO - At iterate 2: f=251.7273
2024-09-10 16:45:31 - pyanno4rt - NN-Basis - INFO - At iterate 3: f=153.4979
2024-09-10 16:45:31 - pyanno4rt - NN-Basis - INFO - At iterate 4: f=120.1644
2024-09-10 16:45:32 - pyanno4rt - NN-Basis - INFO - At iterate 5: f=108.0315
2024-09-10 16:45:32 - pyanno4rt - NN-Basis - INFO - At iterate 6: f=87.8137
2024-09-10 16:45:32 - pyanno4rt - NN-Basis - INFO - At iterate 7: f=77.7616
2024-09-10 16:45:33 - pyanno4rt - NN-Basis - INFO - At iterate 8: f=70.4061
2024-09-10 16:45:33 - pyanno4rt - NN-Basis - INFO - At iterate 9: f=65.8244
2024-09-10 16:45:33 - pyanno4rt - NN-Basis - INFO - At iterate 10: f=65.0807
2024-09-10 16:45:34 - pyanno4rt - NN-Basis - INFO - At iterate 11: f=64.4476
2024-09-10 16:45:34 - pyanno4rt - NN-Basis - INFO - At iterate 12: f=63.281
2024-09-10 16:45:34 - pyanno4rt - NN-Basis - INFO - At iterate 13: f=62.8077
2024-09-10 16:45:35 - pyanno4rt - NN-Basis - INFO - At iterate 14: f=62.1573
2024-09-10 16:45:35 - pyanno4rt - NN-Basis - INFO - At iterate 15: f=62.1246
2024-09-10 16:45:35 - pyanno4rt - NN-Basis - INFO - Computing 3D dose cube from optimized fluence vector ...
2024-09-10 16:45:35 - pyanno4rt - NN-Basis - INFO - Neural Network NTCP for the optimized plan: 10.28 % ...
2024-09-10 16:45:35 - pyanno4rt - NN-Basis - INFO - Neural Network TCP for the optimized plan: 28.96 % ...
2024-09-10 16:45:35 - pyanno4rt - NN-Basis - INFO - Fluence optimizer took 6.63 seconds (5.94 seconds for problem solving) ...
2024-09-10 16:45:37 - pyanno4rt - NN-Basis - INFO - Initializing DVH evaluator ...
2024-09-10 16:45:37 - pyanno4rt - NN-Basis - INFO - Initializing dosimetrics evaluator ...
2024-09-10 16:45:37 - pyanno4rt - NN-Basis - INFO - Evaluating cumulative DVH with 1000 points for all segments ...
2024-09-10 16:45:37 - pyanno4rt - NN-Basis - INFO - Evaluating dosimetrics for all segments ...

